{
  "version": "1.5.0",
  "plugins_used": [
    {
      "name": "ArtifactoryDetector"
    },
    {
      "name": "AWSKeyDetector"
    },
    {
      "name": "AzureStorageKeyDetector"
    },
    {
      "name": "Base64HighEntropyString",
      "limit": 4.5
    },
    {
      "name": "BasicAuthDetector"
    },
    {
      "name": "CloudantDetector"
    },
    {
      "name": "DiscordBotTokenDetector"
    },
    {
      "name": "GitHubTokenDetector"
    },
    {
      "name": "GitLabTokenDetector"
    },
    {
      "name": "HexHighEntropyString",
      "limit": 3.0
    },
    {
      "name": "IbmCloudIamDetector"
    },
    {
      "name": "IbmCosHmacDetector"
    },
    {
      "name": "IPPublicDetector"
    },
    {
      "name": "JwtTokenDetector"
    },
    {
      "name": "KeywordDetector",
      "keyword_exclude": ""
    },
    {
      "name": "MailchimpDetector"
    },
    {
      "name": "NpmDetector"
    },
    {
      "name": "OpenAIDetector"
    },
    {
      "name": "PrivateKeyDetector"
    },
    {
      "name": "PypiTokenDetector"
    },
    {
      "name": "SendGridDetector"
    },
    {
      "name": "SlackDetector"
    },
    {
      "name": "SoftlayerDetector"
    },
    {
      "name": "SquareOAuthDetector"
    },
    {
      "name": "StripeDetector"
    },
    {
      "name": "TelegramBotTokenDetector"
    },
    {
      "name": "TwilioKeyDetector"
    }
  ],
  "filters_used": [
    {
      "path": "detect_secrets.filters.allowlist.is_line_allowlisted"
    },
    {
      "path": "detect_secrets.filters.common.is_baseline_file",
      "filename": ".secrets.baseline"
    },
    {
      "path": "detect_secrets.filters.common.is_ignored_due_to_verification_policies",
      "min_level": 2
    },
    {
      "path": "detect_secrets.filters.heuristic.is_indirect_reference"
    },
    {
      "path": "detect_secrets.filters.heuristic.is_likely_id_string"
    },
    {
      "path": "detect_secrets.filters.heuristic.is_lock_file"
    },
    {
      "path": "detect_secrets.filters.heuristic.is_not_alphanumeric_string"
    },
    {
      "path": "detect_secrets.filters.heuristic.is_potential_uuid"
    },
    {
      "path": "detect_secrets.filters.heuristic.is_prefixed_with_dollar_sign"
    },
    {
      "path": "detect_secrets.filters.heuristic.is_sequential_string"
    },
    {
      "path": "detect_secrets.filters.heuristic.is_swagger_file"
    },
    {
      "path": "detect_secrets.filters.heuristic.is_templated_secret"
    },
    {
      "path": "detect_secrets.filters.regex.should_exclude_file",
      "pattern": [
        "(^|/)(site|htmlcov)/|^schemas/v[0-9]+/manifest\\.json$|^\\.coverage$"
      ]
    }
  ],
  "results": {
    "integrations/codex/skills/ludowright/manifest.json": [
      {
        "type": "Hex High Entropy String",
        "filename": "integrations/codex/skills/ludowright/manifest.json",
        "hashed_secret": "781d283084283e440d7c6ca7e902542c5951746e",
        "is_verified": false,
        "line_number": 7
      },
      {
        "type": "Hex High Entropy String",
        "filename": "integrations/codex/skills/ludowright/manifest.json",
        "hashed_secret": "c05efa8b1ae80c691fe58a34f7dbf2b2dda7cd9e",
        "is_verified": false,
        "line_number": 11
      },
      {
        "type": "Hex High Entropy String",
        "filename": "integrations/codex/skills/ludowright/manifest.json",
        "hashed_secret": "a0c4fc10927a3245670e233b8ccb4304cd7d0028",
        "is_verified": false,
        "line_number": 15
      }
    ],
    "tests/fixtures/contracts/v1/codex-skill-manifest.json": [
      {
        "type": "Hex High Entropy String",
        "filename": "tests/fixtures/contracts/v1/codex-skill-manifest.json",
        "hashed_secret": "5481ca6e976a49caa55792941091d9f2206234d2",
        "is_verified": false,
        "line_number": 7
      },
      {
        "type": "Hex High Entropy String",
        "filename": "tests/fixtures/contracts/v1/codex-skill-manifest.json",
        "hashed_secret": "c05efa8b1ae80c691fe58a34f7dbf2b2dda7cd9e",
        "is_verified": false,
        "line_number": 11
      }
    ],
    "tests/fixtures/contracts/v1/codex-skill-report.json": [
      {
        "type": "Hex High Entropy String",
        "filename": "tests/fixtures/contracts/v1/codex-skill-report.json",
        "hashed_secret": "5481ca6e976a49caa55792941091d9f2206234d2",
        "is_verified": false,
        "line_number": 6
      },
      {
        "type": "Hex High Entropy String",
        "filename": "tests/fixtures/contracts/v1/codex-skill-report.json",
        "hashed_secret": "8f7d9522933e7c1404ca92ba2bc2be921dfd9331",
        "is_verified": false,
        "line_number": 10
      },
      {
        "type": "Hex High Entropy String",
        "filename": "tests/fixtures/contracts/v1/codex-skill-report.json",
        "hashed_secret": "c05efa8b1ae80c691fe58a34f7dbf2b2dda7cd9e",
        "is_verified": false,
        "line_number": 14
      }
    ],
    "tests/fixtures/contracts/v1/imagegen-operation.json": [
      {
        "type": "Hex High Entropy String",
        "filename": "tests/fixtures/contracts/v1/imagegen-operation.json",
        "hashed_secret": "60835beacda982f16113e65a1b3bd675e9ea1be4",
        "is_verified": false,
        "line_number": 8
      },
      {
        "type": "Hex High Entropy String",
        "filename": "tests/fixtures/contracts/v1/imagegen-operation.json",
        "hashed_secret": "bdddddf3a308e101d2ee3cd012857dc28061af27",
        "is_verified": false,
        "line_number": 24
      }
    ]
  },
  "generated_at": "2026-08-01T11:41:34Z"
}
